# JVM 常用参数
## Trace跟踪参数
- -verbose:gc
- -XX:+PrintGC
```text
[GC (System.gc())  2663K->640K(125952K), 0.0097324 secs]
[Full GC (System.gc())  640K->569K(125952K), 0.0052535 secs]
GC前用了约2663K-> GC后只用了640K(堆的大小约120M)
```
- -XX:+PrintGCDetails 打印GC详细信息
```text
[GC (System.gc()) [PSYoungGen: 2663K->616K(38400K)] 2663K->624K(125952K), 0.0036339 secs] [Times: user=0.00 sys=0.00, real=0.00 secs] 
[Full GC (System.gc()) Disconnected from the target VM, address: '127.0.0.1:57922', transport: 'socket'
[PSYoungGen: 616K->0K(38400K)] [ParOldGen: 8K->569K(87552K)] 624K->569K(125952K), [Metaspace: 2830K->2830K(1056768K)], 0.0061896 secs] [Times: user=0.00 sys=0.00, real=0.01 secs] 
Heap
 PSYoungGen      total 38400K, used 333K [0x00000000d5d80000, 0x00000000d8800000, 0x0000000100000000)
  eden space 33280K, 1% used [0x00000000d5d80000,0x00000000d5dd34a8,0x00000000d7e00000)
  from space 5120K, 0% used [0x00000000d7e00000,0x00000000d7e00000,0x00000000d8300000)
  to   space 5120K, 0% used [0x00000000d8300000,0x00000000d8300000,0x00000000d8800000)
 ParOldGen       total 87552K, used 569K [0x0000000081800000, 0x0000000086d80000, 0x00000000d5d80000)
  object space 87552K, 0% used [0x0000000081800000,0x000000008188e540,0x0000000086d80000)
 Metaspace       used 2839K, capacity 4486K, committed 4864K, reserved 1056768K
  class space    used 305K, capacity 386K, committed 512K, reserved 1048576K
```
- -XX:+PrintGCTimeStamps 打印GC发生的时间戳
- -XX:+PrintHeapAtGC 每次GC后都打印堆的详细信息。Heap before GC，Heap after GC
- -XX:+PrintGCApplicationStoppedTime 输出GC造成的应用暂停时间

## 监控类的加载
- -XX:TraceClassLoading

## 输出日志
- -Xloggc:logs/gc.log 输出GC Log的路径

## 堆的分配参数
- -Xms:最小堆大小
- -Xmx:最大堆大小
- -Xmn：设置新生代的内存大小。新生代和老年代的比例推荐为3:8
- -XX:NewRatio:老年代和新生代的比例
- -XX:SurvivorRatio:新生代中Eden:S0:S1的比例，默认为8:1:1
- -Xss:每个线程的堆栈大小。默认为1M。物理机的最大线程数在3000-5000左右。一般的应用栈不是很深，则**-Xss128K**就够用了，大的应用建议使用256K。
- -XX:PermSize:设置永久代的初始值
- -XX:HeapDumpOutOfMemoryError 输出错误日志
- -XX:HeadDumpPath=/home/logs/testHeapDump.dump 日志路径

## Serial收集器
- -XX:+UseSerialGC:指定使用新生代串行收集器和老年代串行收集器
- -XX:+UseParNewGC 新生代使用ParNew回收器，老年代使用串行收集器
- -XX:+UseParallelGC 新生代使用ParallelGC回收器，老年代使用串行收集器
- -XX:+UseCon从MarkSweepGC 新生代使用ParNew回收器，老年底使用CMS
- -XX:+UseG1GC 开启G1收集器

## 一些通用参数
-XX:+DisableExplicitGC 禁用System.gc()。由于该方法默认触发FGC
-XX:-UseTLAB 禁用线程本地分配缓存